// Jest Snapshot v1, https://goo.gl/fbAQLP

exports[`Route describe should match snapshot 1`] = `
Object {
  "$": "",
  "nonentity": Object {
    "$": "",
  },
  "son": Object {
    "$": "/child/son",
  },
  "twin": Object {
    "$": "/twin",
    "first": Object {
      "$": "/twin-one",
    },
    "second": Object {
      "$": "/twin-two",
    },
  },
}
`;

exports[`Route render should match snapshot 1`] = `
Array [
  <Route
    exact={true}
    path="/twin-one"
    render={[Function]}
  />,
  <Route
    exact={true}
    path="/twin-two"
    render={[Function]}
  />,
  <Route
    exact={true}
    path="/child/son"
    render={[MockFunction]}
  />,
]
`;
